Started at:   Thu Oct  1 05:05:41 PM UTC 2026
Repo root:    /home-mscluster/travhengani/Graph-Signalling-Game
Python:       Python 3.13.5 (/home-mscluster/travhengani/miniconda3/bin/python3)
Run log:      results/question1/logs/xor_conditions_20261001_170541.log

========================================================================
What drives XOR (holistic) conventions on K_2,2?
4000 training episodes per run
========================================================================

########################################################################
# EXPERIMENT 1: base XOR rate, independent, coupled protocol, N=60
########################################################################
/home-mscluster/travhengani/miniconda3/lib/python3.13/site-packages/torch/autograd/graph.py:829: UserWarning: CUDA initialization: CUDA unknown error - this may be due to an incorrectly set up environment, e.g. changing env variable CUDA_VISIBLE_DEVICES after program start. Setting the available devices to be zero. (Triggered internally at /pytorch/c10/cuda/CUDAFunctions.cpp:109.)
  return Variable._execution_engine.run_backward(  # Calls into the C++ engine to run the backward pass
    ...10/60 done (171s)
    ...20/60 done (334s)
    ...30/60 done (498s)
    ...40/60 done (662s)
    ...50/60 done (825s)
    ...60/60 done (989s)
  independent / coupled
      runs=60  perfect=48  tracking=48  XOR-type=0  non-perfect=12
      XOR rate: 0.0% of all runs, 0.0% of perfect runs

########################################################################
# EXPERIMENT 2: independent, sweep exploration/replay seed at fixed
#   launch points; 40 exploration seeds per launch point
########################################################################

  launch (init=0, env=0); exploration swept 0..39
      runs=40  perfect=33  tracking=30  XOR-type=3  non-perfect=7
      XOR rate: 7.5% of all runs, 9.1% of perfect runs
      distinct XOR conventions: {(5, 9): 1, (12, 6): 1, (6, 3): 1}
      exploration seeds that produced XOR: [2, 4, 6]
    (cumulative 1643s)

  launch (init=1, env=1); exploration swept 0..39
      runs=40  perfect=34  tracking=34  XOR-type=0  non-perfect=6
      XOR rate: 0.0% of all runs, 0.0% of perfect runs
    (cumulative 2299s)

  launch (init=2, env=2); exploration swept 0..39
      runs=40  perfect=33  tracking=30  XOR-type=3  non-perfect=7
      XOR rate: 7.5% of all runs, 9.1% of perfect runs
      distinct XOR conventions: {(6, 3): 1, (10, 9): 1, (9, 3): 1}
      exploration seeds that produced XOR: [7, 11, 31]
    (cumulative 2954s)

  launch (init=0, env=7); exploration swept 0..39
      runs=40  perfect=30  tracking=29  XOR-type=1  non-perfect=10
      XOR rate: 2.5% of all runs, 3.3% of perfect runs
      distinct XOR conventions: {(3, 6): 1}
      exploration seeds that produced XOR: [39]
    (cumulative 3610s)

  launch (init=7, env=0); exploration swept 0..39
      runs=40  perfect=30  tracking=27  XOR-type=3  non-perfect=10
      XOR rate: 7.5% of all runs, 10.0% of perfect runs
      distinct XOR conventions: {(5, 9): 1, (12, 6): 1, (6, 3): 1}
      exploration seeds that produced XOR: [2, 4, 6]
    (cumulative 4266s)

########################################################################
# EXPERIMENT 3: architecture control -- can shared / two_brain reach XOR?
#   exploration swept 0..39 at fixed launch (init=0, env=0)
########################################################################

  shared / launch (0,0), exploration swept
      runs=40  perfect=33  tracking=31  XOR-type=2  non-perfect=7
      XOR rate: 5.0% of all runs, 6.1% of perfect runs
      distinct XOR conventions: {(12, 9): 1, (6, 12): 1}
    (cumulative 4486s)

  two_brain / launch (0,0), exploration swept
      runs=40  perfect=33  tracking=32  XOR-type=1  non-perfect=7
      XOR rate: 2.5% of all runs, 3.0% of perfect runs
      distinct XOR conventions: {(5, 9): 1}
    (cumulative 4846s)

========================================================================
SUMMARY: XOR rate (% of perfect runs) by condition
========================================================================
  Exp1 independent/coupled (N=60): 0.0% (0 XOR / 48 perfect)
  Exp2 independent, launch (0, 0): 9.1% (3 XOR / 33 perfect)
  Exp2 independent, launch (1, 1): 0.0% (0 XOR / 34 perfect)
  Exp2 independent, launch (2, 2): 9.1% (3 XOR / 33 perfect)
  Exp2 independent, launch (0, 7): 3.3% (1 XOR / 30 perfect)
  Exp2 independent, launch (7, 0): 10.0% (3 XOR / 30 perfect)

(total wall time: 80.8 min)
========================================================================

Done at:      Thu Oct  1 06:26:40 PM UTC 2026
Full log:     /home-mscluster/travhengani/Graph-Signalling-Game/results/question1/logs/xor_conditions_20261001_170541.log
